[SqlStatement/Select] L15: users | SELECT name INTO __SQL_PARAM_VARCHAR_v_name__ FROM users WHERE id = __SQL_PARAM_INTEGER_p_id__ AND type = 'A'
[SqlStatement/Select] L17: users | SELECT name INTO __SQL_PARAM_VARCHAR_v_name__ FROM users WHERE id = __SQL_PARAM_INTEGER_p_id__ AND type = 'B'
[SqlStatement/Insert] L19: audit_log | INSERT INTO audit_log (user_id, name_found) VALUES (__SQL_PARAM_INTEGER_p_id__, __SQL_PARAM_VARCHAR_v_name__)
[SqlStatement/Insert] L33: data_table | INSERT INTO data_table (id, value) VALUES (__SQL_PARAM_INTEGER_p_id__, __SQL_PARAM_VARCHAR_p_value__)
[SqlStatement/Update] L35: data_table | UPDATE data_table SET value = __SQL_PARAM_VARCHAR_p_value__ WHERE id = __SQL_PARAM_INTEGER_p_id__
[SqlStatement/Delete] L37: data_table | DELETE FROM data_table WHERE id = __SQL_PARAM_INTEGER_p_id__
[SqlStatement/Select] L39: data_table | SELECT value FROM data_table WHERE id = __SQL_PARAM_INTEGER_p_id__
[SqlStatement/Select] L56: users | SELECT name INTO __SQL_PARAM_VARCHAR_v_result__ FROM users WHERE id = __SQL_PARAM_INTEGER_p_id__
[SqlStatement/Select] L58: users_archive | SELECT name INTO __SQL_PARAM_VARCHAR_v_result__ FROM users_archive WHERE id = __SQL_PARAM_INTEGER_p_id__
[SqlStatement/Insert] L60: logs | INSERT INTO logs (msg) VALUES ('User result: ' || __SQL_PARAM_VARCHAR_v_result__)
[SqlStatement/Select] L62: departments | SELECT dept_name INTO __SQL_PARAM_VARCHAR_v_result__ FROM departments WHERE id = __SQL_PARAM_INTEGER_p_id__
[SqlStatement/Select] L78: users | SELECT COUNT(*) INTO __SQL_PARAM_INTEGER_v_count__ FROM users
[SqlStatement/Select] L80: users | SELECT COUNT(*) INTO __SQL_PARAM_INTEGER_v_count__ FROM users WHERE status = 'active'
[SqlStatement/Select] L82: orders | SELECT COUNT(*) INTO __SQL_PARAM_INTEGER_v_count__ FROM orders WHERE user_id = __SQL_PARAM_INTEGER_p_table_id__
[SqlStatement/Insert] L86: stats | INSERT INTO stats (op, result) VALUES (__SQL_PARAM_VARCHAR_p_op__, __SQL_PARAM_INTEGER_v_count__)
[SqlStatement/Select] L101: dual | SELECT 'A' INTO __SQL_PARAM_VARCHAR_v_grade__ FROM dual
[SqlStatement/Update] L102: users | UPDATE users SET grade = 'A' WHERE id = __SQL_PARAM_INTEGER_p_user_id__
[SqlStatement/Select] L104: dual | SELECT 'B' INTO __SQL_PARAM_VARCHAR_v_grade__ FROM dual
[SqlStatement/Update] L105: users | UPDATE users SET grade = 'B' WHERE id = __SQL_PARAM_INTEGER_p_user_id__
[SqlStatement/Select] L107: dual | SELECT 'C' INTO __SQL_PARAM_VARCHAR_v_grade__ FROM dual
[SqlStatement/Update] L108: users | UPDATE users SET grade = 'C' WHERE id = __SQL_PARAM_INTEGER_p_user_id__
[SqlStatement/Select] L110: dual | SELECT 'F' INTO __SQL_PARAM_VARCHAR_v_grade__ FROM dual
[SqlStatement/Update] L111: users | UPDATE users SET grade = 'F' WHERE id = __SQL_PARAM_INTEGER_p_user_id__
[Execute] L127:  | SELECT name FROM __SQL_RAW_VARCHAR_p_table__ WHERE id = __SQL_RAW_INTEGER_p_id__
[SqlStatement/Select] L129: main_table | SELECT name INTO __SQL_PARAM_VARCHAR_v_result__ FROM main_table WHERE id = __SQL_PARAM_INTEGER_p_id__
[SqlStatement/Insert] L131: result_log | INSERT INTO result_log (result) VALUES (__SQL_PARAM_VARCHAR_v_result__)
[ReturnCursorSQL] L146: p_cursor | SELECT * FROM cache_users WHERE user_id = __SQL_PARAM_INTEGER_p_user_id__
[ReturnCursorSQL] L149: p_cursor | SELECT * FROM users WHERE user_id = __SQL_RAW_INTEGER_p_user_id__
[SqlStatement/Delete] L163: main_data | DELETE FROM main_data WHERE id = __SQL_PARAM_INTEGER_p_id__
[SqlStatement/Delete] L165: temp_data | DELETE FROM temp_data WHERE id = __SQL_PARAM_INTEGER_p_id__
[SqlStatement/Delete] L167: archive_data | DELETE FROM archive_data WHERE id = __SQL_PARAM_INTEGER_p_id__
